<html>
<body>
<pre>
<h1>µVision Build Log</h1>
<h2>Tool Versions:</h2>
IDE-Version: µVision V5.27.0.0
Copyright (C) 2018 ARM Ltd and ARM Germany GmbH. All rights reserved.
License Information: lima lima, lima, LIC=QF82M-XH7L3-30WNC-7JS28-6QJ6J-9E06K
 
Tool Versions:
Toolchain:       MDK-ARM Plus  Version: 5.27.0.0
Toolchain Path:  C:\Keil_v5\ARM\ARMCC\Bin
C Compiler:      Armcc.exe V5.06 update 6 (build 750)
Assembler:       Armasm.exe V5.06 update 6 (build 750)
Linker/Locator:  ArmLink.exe V5.06 update 6 (build 750)
Library Manager: ArmAr.exe V5.06 update 6 (build 750)
Hex Converter:   FromElf.exe V5.06 update 6 (build 750)
CPU DLL:         SARMCM3.DLL V5.27.0.0
Dialog DLL:      DCM.DLL V1.17.2.0
Target DLL:      Segger\JL2CM3.dll V2.99.34.0
Dialog DLL:      TCM.DLL V1.36.1.0
 
<h2>Project:</h2>
D:\OmniWheg\OmniWhegPro\code\OmniWhegPro\Project\RoboMentors_Board.uvprojx
Project File Date:  07/11/2023

<h2>Output:</h2>
*** Using Compiler 'V5.06 update 6 (build 750)', folder: 'C:\Keil_v5\ARM\ARMCC\Bin'
Rebuild target 'OmniWhegPro'
compiling ramp.c...
compiling servo_control.c...
..\User\app\common.h(58): warning:  #1-D: last line of file ends without a newline
  #endif
..\User\app\servo_control.c: 1 warning, 0 errors
compiling common.c...
..\User\app\common.h(58): warning:  #1-D: last line of file ends without a newline
  #endif
..\User\app\common.c: 1 warning, 0 errors
compiling uart_device.c...
compiling can_device.c...
compiling pid.c...
compiling study_task.c...
..\User\app\common.h(58): warning:  #1-D: last line of file ends without a newline
  #endif
..\User\app\study_task.c(16): warning:  #177-D: variable "n"  was declared but never referenced
  	uint8_t n;
..\User\app\study_task.c: 2 warnings, 0 errors
compiling startup.c...
..\User\app\common.h(58): warning:  #1-D: last line of file ends without a newline
  #endif
..\User\startup.c: 1 warning, 0 errors
compiling stm32f4xx_it.c...
linking...
Program Size: Code=39920 RO-data=836 RW-data=276 ZI-data=23236  
FromELF: creating hex file...
".\RoboMentors_Board\OmniWhegPro.axf" - 0 Error(s), 5 Warning(s).

<h2>Software Packages used:</h2>

Package Vendor: ARM
                http://www.keil.com/pack/ARM.CMSIS.5.4.0.pack
                ARM.CMSIS.5.4.0
                CMSIS (Cortex Microcontroller Software Interface Standard)
   * Component: CORE Version: 5.1.2

Package Vendor: Keil
                http://www.keil.com/pack/Keil.STM32F4xx_DFP.2.15.0.pack
                Keil.STM32F4xx_DFP.2.15.0
                STMicroelectronics STM32F4 Series Device Support, Drivers and Examples

<h2>Collection of Component include folders:</h2>
  .\RTE\_OmniWhegPro
  C:\Keil_v5\ARM\PACK\ARM\CMSIS\5.4.0\CMSIS\Core\Include
  C:\Keil_v5\ARM\PACK\Keil\STM32F4xx_DFP\2.15.0\Drivers\CMSIS\Device\ST\STM32F4xx\Include

<h2>Collection of Component Files used:</h2>

   * Component: ARM::CMSIS:CORE:5.1.2
Build Time Elapsed:  00:00:03
</pre>
</body>
</html>
